// Jest Snapshot v1, https://goo.gl/fbAQLP

exports[`renders labelled input 1`] = `
<div
  id="test-render-container"
>
  <div
    class="mock-sidebar-group"
  >
    <div
      class="mock-label"
    >
      Target: apiKeyInput
      Last.fm API key
    </div>
    <div
      class="mock-controlled-input"
      id="apiKeyInput"
    >
      Type: password
      Value: test api key
      Disabled: undefined
    </div>
  </div>
</div>
`;
