// Jest Snapshot v1, https://goo.gl/fbAQLP

exports[`renders styled container and children 1`] = `
.emotion-0 {
  display: -webkit-box;
  display: -webkit-flex;
  display: -ms-flexbox;
  display: flex;
}

<div
  id="test-render-container"
>
  <div
    class="emotion-0"
  >
    Test children
  </div>
</div>
`;
