// Jest Snapshot v1, https://goo.gl/fbAQLP

exports[`renders labelled select 1`] = `
.emotion-0 {
  display: -webkit-box;
  display: -webkit-flex;
  display: -ms-flexbox;
  display: flex;
  -webkit-flex-direction: column;
  -ms-flex-direction: column;
  flex-direction: column;
  margin-bottom: 0.5rem;
}

<div
  id="test-render-container"
>
  <div
    class="emotion-0"
  >
    <div
      class="mock-label"
    >
      Target: chartSelector
      Active chart
    </div>
    <div
      class="mock-controlled-select"
      id="chartSelector"
    >
      Value: 1
      <option
        value="0"
      >
        test chart 1
      </option>
      <option
        value="1"
      >
        test chart 2
      </option>
      <option
        value="2"
      >
        test chart 3
      </option>
    </div>
  </div>
</div>
`;
