// Jest Snapshot v1, https://goo.gl/fbAQLP

exports[`fileToDataURI returns data uri for file 1`] = `"data:image/bmp;base64,Qk1aAAAAAAAAADYAAAAoAAAAAwAAAAMAAAABABgAAAAAAAAAAADEDgAAxA4AAAAAAAAAAAAA/wAA/wAA/wAAAAAA/wAA/wAA/wAAAAAA/wAA/wAA/wAAAAAA"`;

exports[`fileToDataURI returns data uri for file 2`] = `"data:image/bmp;base64,Qk1aAAAAAAAAADYAAAAoAAAAAwAAAAMAAAABABgAAAAAAAAAAADEDgAAxA4AAAAAAAAAAAAAAAD/AAD/AAD/AAAAAAD/AAD/AAD/AAAAAAD/AAD/AAD/AAAA"`;

exports[`jsonToDataURI returns escaped JSON data uri 1`] = `"data:application/json;charset=utf-8,%7B%22test%22%3A%22test%20json%22%7D"`;
